DEPRECATION WARNING [import]: Sass @import rules are deprecated and will be removed in Dart Sass 3.0.0.

More info and automated migrator: https://sass-lang.com/d/import

  ╷
4 │ @import 'variables';
  │         ^^^^^^^^^^^
  ╵
    resources\sass\app.scss 4:9  root stylesheet

DEPRECATION WARNING [import]: Sass @import rules are deprecated and will be removed in Dart Sass 3.0.0.

More info and automated migrator: https://sass-lang.com/d/import

  ╷
5 │ @import 'mixins';
  │         ^^^^^^^^
  ╵
    resources\sass\app.scss 5:9  root stylesheet

DEPRECATION WARNING [import]: Sass @import rules are deprecated and will be removed in Dart Sass 3.0.0.

More info and automated migrator: https://sass-lang.com/d/import

  ╷
6 │ @import 'reset';
  │         ^^^^^^^
  ╵
    resources\sass\app.scss 6:9  root stylesheet

DEPRECATION WARNING [import]: Sass @import rules are deprecated and will be removed in Dart Sass 3.0.0.

More info and automated migrator: https://sass-lang.com/d/import

  ╷
7 │ @import 'typography';
  │         ^^^^^^^^^^^^
  ╵
    resources\sass\app.scss 7:9  root stylesheet

DEPRECATION WARNING [import]: Sass @import rules are deprecated and will be removed in Dart Sass 3.0.0.

More info and automated migrator: https://sass-lang.com/d/import

  ╷
8 │ @import 'layout';
  │         ^^^^^^^^
  ╵
    resources\sass\app.scss 8:9  root stylesheet

WARNING: 31 repetitive deprecation warnings omitted.
Run in verbose mode to see all warnings.

@import url("https://fonts.googleapis.com/css2?family=DM+Sans:wght@400;500;600;700;800&display=swap");
:root {
  --accent: #FF6B35;
  --accent-light: #FFF1EB;
  --blue: #3B82F6;
  --blue-light: #EFF6FF;
  --green: #22C55E;
  --green-light: #F0FDF4;
  --amber: #F59E0B;
  --amber-light: #FFFBEB;
  --red: #EF4444;
  --red-light: #FEF2F2;
  --purple: #8B5CF6;
  --purple-light: #F5F3FF;
  --bg: #F8FAFC;
  --surface: #FFFFFF;
  --surface2: #F1F5F9;
  --border: #E2E8F0;
  --text: #0F172A;
  --text2: #475569;
  --text3: #94A3B8;
  --shadow-sm: 0 1px 3px rgba(0,0,0,.08);
  --shadow-md: 0 4px 16px rgba(0,0,0,.12);
  --radius: 12px;
  --sidebar-w: 260px;
  --topbar-h: 64px;
  --transition: all 0.2s ease;
}

*, *::before, *::after {
  box-sizing: border-box;
  margin: 0;
  padding: 0;
}

html {
  scroll-behavior: smooth;
}

ul, ol {
  list-style: none;
}

a {
  text-decoration: none;
  color: inherit;
}

img, svg {
  display: block;
  max-width: 100%;
}

button {
  cursor: pointer;
  font-family: inherit;
}

input, select, textarea {
  font-family: inherit;
}

h1, h2, h3, h4, h5, h6 {
  font-weight: 600;
  line-height: 1.3;
}

body {
  font-family: "DM Sans", sans-serif;
  font-size: 14px;
  line-height: 1.6;
  color: var(--text);
}

.text-sm {
  font-size: 12px;
}

.text-base {
  font-size: 14px;
}

.text-lg {
  font-size: 16px;
}

.text-xl {
  font-size: 18px;
}

.text-2xl {
  font-size: 22px;
}

.text-3xl {
  font-size: 28px;
}

.text-4xl {
  font-size: 36px;
}

.font-medium {
  font-weight: 500;
}

.font-semi {
  font-weight: 600;
}

.font-bold {
  font-weight: 700;
}

.text-muted {
  color: var(--text2);
}

.text-lighter {
  color: var(--text3);
}

.text-accent {
  color: var(--accent);
}

.text-green {
  color: var(--green);
}

.text-red {
  color: var(--red);
}

.text-blue {
  color: var(--blue);
}

.text-amber {
  color: var(--amber);
}

.page-title {
  font-size: 1.375rem;
  font-weight: 700;
  color: var(--text);
  letter-spacing: -0.02em;
}

.section-title {
  font-size: 1rem;
  font-weight: 600;
  color: var(--text);
  margin-bottom: 1rem;
}

:root {
  --accent: #FF6B35;
  --accent-light: #FFF1EB;
  --blue: #3B82F6;
  --blue-light: #EFF6FF;
  --green: #22C55E;
  --green-light: #F0FDF4;
  --amber: #F59E0B;
  --amber-light: #FFFBEB;
  --red: #EF4444;
  --red-light: #FEF2F2;
  --purple: #8B5CF6;
  --purple-light: #F5F3FF;
  --bg: #F8FAFC;
  --surface: #FFFFFF;
  --surface2: #F1F5F9;
  --border: #E2E8F0;
  --text: #0F172A;
  --text2: #475569;
  --text3: #94A3B8;
  --shadow-sm: 0 1px 3px rgba(0,0,0,.08);
  --shadow-md: 0 4px 16px rgba(0,0,0,.12);
  --radius: 12px;
  --sidebar-w: 260px;
  --topbar-h: 64px;
  --transition: all 0.2s ease;
}

.admin-layout {
  display: flex;
  min-height: 100vh;
}

.sidebar {
  width: 260px;
  background: var(--text);
  min-height: 100vh;
  position: fixed;
  top: 0;
  left: 0;
  display: flex;
  flex-direction: column;
  z-index: 100;
  transition: var(--transition);
}
.sidebar__logo {
  padding: 1.25rem 1.5rem;
  border-bottom: 1px solid rgba(255, 255, 255, 0.08);
  display: flex;
  align-items: center;
  justify-content: space-between;
}
.sidebar__logo span {
  color: #fff;
  font-size: 1.125rem;
  font-weight: 700;
  letter-spacing: -0.02em;
}
.sidebar__logo .logo-badge {
  background: var(--accent);
  color: #fff;
  font-size: 10px;
  font-weight: 700;
  padding: 2px 7px;
  border-radius: 999px;
}
.sidebar__nav {
  flex: 1;
  padding: 1rem 0;
  overflow-y: auto;
}
.sidebar__section-label {
  font-size: 10px;
  font-weight: 700;
  letter-spacing: 0.1em;
  text-transform: uppercase;
  color: rgba(255, 255, 255, 0.3);
  padding: 0.5rem 1.5rem;
  margin-top: 0.5rem;
}
.sidebar__item, .sidebar__accordion-btn {
  display: flex;
  align-items: center;
  gap: 10px;
  padding: 0.7rem 1.5rem;
  color: rgba(255, 255, 255, 0.65);
  font-size: 0.875rem;
  font-weight: 500;
  cursor: pointer;
  transition: var(--transition);
  border-left: 3px solid transparent;
}
.sidebar__item svg, .sidebar__accordion-btn svg {
  width: 18px;
  height: 18px;
  flex-shrink: 0;
}
.sidebar__item:hover, .sidebar__accordion-btn:hover {
  color: #fff;
  background: rgba(255, 255, 255, 0.06);
}
.sidebar__item.active, .active.sidebar__accordion-btn {
  color: #fff;
  background: rgba(255, 107, 53, 0.15);
  border-left-color: var(--accent);
}
.sidebar__accordion-btn {
  justify-content: space-between;
  width: 100%;
  border: none;
  background: none;
}
.sidebar__accordion-btn .arrow {
  transition: transform 0.2s ease;
}
.sidebar__accordion-btn .arrow.open {
  transform: rotate(180deg);
}
.sidebar__sub-items {
  overflow: hidden;
  max-height: 0;
  transition: max-height 0.25s ease-out;
}
.sidebar__sub-items.open {
  max-height: 200px;
}
.sidebar__sub-item {
  display: flex;
  align-items: center;
  gap: 8px;
  padding: 0.55rem 1.5rem 0.55rem 3.2rem;
  color: rgba(255, 255, 255, 0.55);
  font-size: 0.8125rem;
  cursor: pointer;
  transition: var(--transition);
}
.sidebar__sub-item:hover {
  color: #fff;
}
.sidebar__sub-item.active {
  color: var(--accent);
}
.sidebar__footer {
  padding: 1rem 1.5rem;
  border-top: 1px solid rgba(255, 255, 255, 0.08);
}

.topbar {
  position: fixed;
  top: 0;
  left: 260px;
  right: 0;
  height: 64px;
  background: var(--surface);
  border-bottom: 1px solid var(--border);
  display: flex;
  align-items: center;
  justify-content: space-between;
  padding: 0 1.5rem;
  z-index: 90;
}
.topbar__title {
  font-size: 1.125rem;
  font-weight: 700;
  color: var(--text);
}
.topbar__actions {
  display: flex;
  align-items: center;
  gap: 8px;
}
.topbar__btn {
  width: 38px;
  height: 38px;
  border-radius: 10px;
  border: 1px solid var(--border);
  background: var(--surface);
  display: flex;
  align-items: center;
  justify-content: center;
  cursor: pointer;
  color: var(--text2);
  transition: var(--transition);
  position: relative;
}
.topbar__btn:hover {
  background: var(--surface2);
  color: var(--text);
}
.topbar__btn .badge-dot {
  position: absolute;
  top: 6px;
  right: 6px;
  width: 8px;
  height: 8px;
  background: var(--red);
  border-radius: 50%;
  border: 2px solid var(--surface);
}
.topbar__avatar {
  width: 38px;
  height: 38px;
  border-radius: 10px;
  background: var(--accent-light);
  color: var(--accent);
  font-weight: 700;
  font-size: 0.875rem;
  display: flex;
  align-items: center;
  justify-content: center;
  cursor: pointer;
  transition: var(--transition);
}
.topbar__avatar:hover {
  background: var(--accent);
  color: #fff;
}

.main-content {
  margin-left: 260px;
  margin-top: 64px;
  flex: 1;
  padding: 1.75rem;
  min-height: calc(100vh - 64px);
  background: var(--bg);
}

.page-header {
  display: flex;
  align-items: center;
  justify-content: space-between;
  margin-bottom: 1.5rem;
  flex-wrap: wrap;
  gap: 1rem;
}

.pill-tabs {
  display: flex;
  gap: 4px;
  background: var(--surface2);
  padding: 4px;
  border-radius: 10px;
  border: 1px solid var(--border);
  width: fit-content;
}
.pill-tabs .pill-tab {
  padding: 0.4rem 1rem;
  border-radius: 7px;
  font-size: 0.8125rem;
  font-weight: 600;
  cursor: pointer;
  transition: var(--transition);
  border: none;
  background: none;
  color: var(--text2);
}
.pill-tabs .pill-tab.active {
  background: var(--surface);
  color: var(--text);
  box-shadow: var(--shadow-sm);
}
.pill-tabs .pill-tab:hover:not(.active) {
  color: var(--text);
}

.grid-2 {
  display: grid;
  grid-template-columns: repeat(2, 1fr);
  gap: 1.25rem;
}

.grid-3 {
  display: grid;
  grid-template-columns: repeat(3, 1fr);
  gap: 1.25rem;
}

.grid-4 {
  display: grid;
  grid-template-columns: repeat(4, 1fr);
  gap: 1.25rem;
}

@media (max-width: 1100px) {
  .grid-4 {
    grid-template-columns: repeat(2, 1fr);
  }
}
@media (max-width: 768px) {
  .grid-2, .grid-3, .grid-4 {
    grid-template-columns: 1fr;
  }
  .sidebar {
    transform: translateX(-100%);
  }
  .topbar {
    left: 0;
  }
  .main-content {
    margin-left: 0;
  }
}
.search-overlay {
  position: fixed;
  inset: 0;
  background: rgba(0, 0, 0, 0.5);
  backdrop-filter: blur(4px);
  z-index: 200;
  display: flex;
  align-items: center;
  justify-content: center;
}
.search-overlay .search-box {
  background: var(--surface);
  border-radius: var(--radius);
  width: 560px;
  max-width: 90vw;
  overflow: hidden;
  box-shadow: var(--shadow-md);
}
.search-overlay .search-box input {
  width: 100%;
  padding: 0.55rem 0.875rem;
  border: 1px solid var(--border);
  border-radius: 8px;
  font-size: 0.875rem;
  color: var(--text);
  background: var(--surface);
  transition: var(--transition);
  outline: none;
  font-family: inherit;
}
.search-overlay .search-box input:focus {
  border-color: var(--accent);
  box-shadow: 0 0 0 3px rgba(255, 107, 53, 0.15);
}
.search-overlay .search-box input::placeholder {
  color: var(--text3);
}
.search-overlay .search-box input {
  border: none;
  border-radius: 0;
  font-size: 1.125rem;
  padding: 1.25rem 1.5rem;
  border-bottom: 1px solid var(--border);
}
.search-overlay .search-box .search-hint {
  padding: 1rem 1.5rem;
  color: var(--text3);
  font-size: 0.8125rem;
}

.profile-dropdown {
  position: absolute;
  top: calc(100% + 8px);
  right: 0;
  width: 220px;
  background: var(--surface);
  border-radius: var(--radius);
  box-shadow: var(--shadow-md);
  border: 1px solid var(--border);
  overflow: hidden;
  z-index: 300;
}
.profile-dropdown__user {
  padding: 1rem;
  border-bottom: 1px solid var(--border);
}
.profile-dropdown__user .name {
  font-weight: 600;
  font-size: 0.875rem;
}
.profile-dropdown__user .email {
  font-size: 0.75rem;
  color: var(--text3);
}
.profile-dropdown__item {
  display: flex;
  align-items: center;
  justify-content: center;
  justify-content: flex-start;
  gap: 8px;
  padding: 0.65rem 1rem;
  font-size: 0.875rem;
  color: var(--text2);
  cursor: pointer;
  transition: var(--transition);
}
.profile-dropdown__item:hover {
  background: var(--surface2);
  color: var(--text);
}
.profile-dropdown__item.danger {
  color: var(--red);
}
.profile-dropdown__item.danger:hover {
  background: var(--red-light);
}

:root {
  --accent: #FF6B35;
  --accent-light: #FFF1EB;
  --blue: #3B82F6;
  --blue-light: #EFF6FF;
  --green: #22C55E;
  --green-light: #F0FDF4;
  --amber: #F59E0B;
  --amber-light: #FFFBEB;
  --red: #EF4444;
  --red-light: #FEF2F2;
  --purple: #8B5CF6;
  --purple-light: #F5F3FF;
  --bg: #F8FAFC;
  --surface: #FFFFFF;
  --surface2: #F1F5F9;
  --border: #E2E8F0;
  --text: #0F172A;
  --text2: #475569;
  --text3: #94A3B8;
  --shadow-sm: 0 1px 3px rgba(0,0,0,.08);
  --shadow-md: 0 4px 16px rgba(0,0,0,.12);
  --radius: 12px;
  --sidebar-w: 260px;
  --topbar-h: 64px;
  --transition: all 0.2s ease;
}

.stat-card {
  background: var(--surface);
  border-radius: var(--radius);
  box-shadow: var(--shadow-sm);
  padding: 1.5rem;
  border: 1px solid var(--border);
  position: relative;
  overflow: hidden;
  border-top: 3px solid transparent;
  transition: var(--transition);
}
.stat-card:hover {
  transform: translateY(-2px);
  box-shadow: var(--shadow-md);
}
.stat-card--green {
  border-top-color: var(--green);
}
.stat-card--blue {
  border-top-color: var(--blue);
}
.stat-card--amber {
  border-top-color: var(--amber);
}
.stat-card--accent {
  border-top-color: var(--accent);
}
.stat-card--red {
  border-top-color: var(--red);
}
.stat-card--purple {
  border-top-color: var(--purple);
}
.stat-card__label {
  font-size: 12px;
  font-weight: 600;
  text-transform: uppercase;
  letter-spacing: 0.05em;
  color: var(--text2);
  margin-bottom: 0.5rem;
}
.stat-card__value {
  font-size: 1.875rem;
  font-weight: 700;
  color: var(--text);
  line-height: 1.2;
}
.stat-card__trend {
  display: flex;
  align-items: center;
  gap: 4px;
  font-size: 12px;
  font-weight: 600;
  margin-top: 0.5rem;
}
.stat-card__trend.up {
  color: var(--green);
}
.stat-card__trend.down {
  color: var(--red);
}
.stat-card__icon {
  position: absolute;
  top: 1rem;
  right: 1rem;
  width: 42px;
  height: 42px;
  border-radius: 10px;
  display: flex;
  align-items: center;
  justify-content: center;
  font-size: 1.25rem;
  opacity: 0.85;
}

.filter-bar {
  display: flex;
  gap: 10px;
  align-items: center;
  flex-wrap: wrap;
  margin-bottom: 1.25rem;
  padding: 1rem 1.25rem;
  background: var(--surface);
  border-radius: var(--radius);
  border: 1px solid var(--border);
}
.filter-bar .search-wrap {
  position: relative;
  flex: 1;
  min-width: 200px;
}
.filter-bar .search-wrap input {
  width: 100%;
  padding: 0.55rem 0.875rem;
  border: 1px solid var(--border);
  border-radius: 8px;
  font-size: 0.875rem;
  color: var(--text);
  background: var(--surface);
  transition: var(--transition);
  outline: none;
  font-family: inherit;
}
.filter-bar .search-wrap input:focus {
  border-color: var(--accent);
  box-shadow: 0 0 0 3px rgba(255, 107, 53, 0.15);
}
.filter-bar .search-wrap input::placeholder {
  color: var(--text3);
}
.filter-bar .search-wrap input {
  padding-left: 2.25rem;
}
.filter-bar .search-wrap .search-icon {
  position: absolute;
  left: 0.75rem;
  top: 50%;
  transform: translateY(-50%);
  color: var(--text3);
  pointer-events: none;
}
.filter-bar select {
  width: 100%;
  padding: 0.55rem 0.875rem;
  border: 1px solid var(--border);
  border-radius: 8px;
  font-size: 0.875rem;
  color: var(--text);
  background: var(--surface);
  transition: var(--transition);
  outline: none;
  font-family: inherit;
}
.filter-bar select:focus {
  border-color: var(--accent);
  box-shadow: 0 0 0 3px rgba(255, 107, 53, 0.15);
}
.filter-bar select::placeholder {
  color: var(--text3);
}
.filter-bar select {
  width: auto;
  min-width: 150px;
  cursor: pointer;
}

.pagination {
  display: flex;
  align-items: center;
  justify-content: space-between;
  margin-top: 1.25rem;
  flex-wrap: wrap;
  gap: 0.75rem;
}
.pagination__info {
  font-size: 0.8125rem;
  color: var(--text2);
}
.pagination__buttons {
  display: flex;
  gap: 4px;
}
.pagination__btn {
  width: 32px;
  height: 32px;
  display: flex;
  align-items: center;
  justify-content: center;
  border-radius: 7px;
  border: 1px solid var(--border);
  background: var(--surface);
  font-size: 0.8125rem;
  color: var(--text2);
  cursor: pointer;
  transition: var(--transition);
}
.pagination__btn:hover {
  background: var(--surface2);
}
.pagination__btn.active {
  background: var(--accent);
  color: #fff;
  border-color: var(--accent);
}
.pagination__btn:disabled {
  opacity: 0.4;
  cursor: not-allowed;
}

.toast-container {
  position: fixed;
  bottom: 1.5rem;
  right: 1.5rem;
  z-index: 9999;
  display: flex;
  flex-direction: column;
  gap: 8px;
}

.toast {
  display: flex;
  align-items: center;
  gap: 10px;
  padding: 0.875rem 1.25rem;
  border-radius: var(--radius);
  background: var(--surface);
  box-shadow: var(--shadow-md);
  border: 1px solid var(--border);
  min-width: 280px;
  max-width: 380px;
  font-size: 0.875rem;
  animation: slideInRight 0.3s ease;
}
.toast.success {
  border-left: 4px solid var(--green);
}
.toast.success .toast__icon {
  color: var(--green);
}
.toast.error {
  border-left: 4px solid var(--red);
}
.toast.error .toast__icon {
  color: var(--red);
}
.toast.info {
  border-left: 4px solid var(--blue);
}
.toast.info .toast__icon {
  color: var(--blue);
}
.toast__msg {
  flex: 1;
  color: var(--text);
  font-weight: 500;
}
.toast__close {
  color: var(--text3);
  cursor: pointer;
}
.toast__close:hover {
  color: var(--text);
}

@keyframes slideInRight {
  from {
    transform: translateX(100%);
    opacity: 0;
  }
  to {
    transform: translateX(0);
    opacity: 1;
  }
}
.btn {
  background: var(--accent);
  color: #fff;
  border: none;
  border-radius: 8px;
  padding: 0.5rem 1.25rem;
  font-size: 0.875rem;
  font-weight: 600;
  cursor: pointer;
  transition: var(--transition);
  display: inline-flex;
  align-items: center;
  gap: 6px;
}
.btn:hover {
  filter: brightness(1.1);
  transform: translateY(-1px);
}
.btn:active {
  transform: translateY(0);
}
.btn--ghost {
  background: transparent;
  color: var(--text2);
  border: none;
  border-radius: 8px;
  padding: 0.5rem 1.25rem;
  font-size: 0.875rem;
  font-weight: 600;
  cursor: pointer;
  transition: var(--transition);
  display: inline-flex;
  align-items: center;
  gap: 6px;
}
.btn--ghost:hover {
  filter: brightness(1.1);
  transform: translateY(-1px);
}
.btn--ghost:active {
  transform: translateY(0);
}
.btn--ghost {
  border: 1px solid var(--border);
}
.btn--danger {
  background: var(--red);
  color: #fff;
  border: none;
  border-radius: 8px;
  padding: 0.5rem 1.25rem;
  font-size: 0.875rem;
  font-weight: 600;
  cursor: pointer;
  transition: var(--transition);
  display: inline-flex;
  align-items: center;
  gap: 6px;
}
.btn--danger:hover {
  filter: brightness(1.1);
  transform: translateY(-1px);
}
.btn--danger:active {
  transform: translateY(0);
}
.btn--green {
  background: var(--green);
  color: #fff;
  border: none;
  border-radius: 8px;
  padding: 0.5rem 1.25rem;
  font-size: 0.875rem;
  font-weight: 600;
  cursor: pointer;
  transition: var(--transition);
  display: inline-flex;
  align-items: center;
  gap: 6px;
}
.btn--green:hover {
  filter: brightness(1.1);
  transform: translateY(-1px);
}
.btn--green:active {
  transform: translateY(0);
}
.btn--blue {
  background: var(--blue);
  color: #fff;
  border: none;
  border-radius: 8px;
  padding: 0.5rem 1.25rem;
  font-size: 0.875rem;
  font-weight: 600;
  cursor: pointer;
  transition: var(--transition);
  display: inline-flex;
  align-items: center;
  gap: 6px;
}
.btn--blue:hover {
  filter: brightness(1.1);
  transform: translateY(-1px);
}
.btn--blue:active {
  transform: translateY(0);
}
.btn--sm {
  padding: 0.35rem 0.875rem;
  font-size: 12px;
}
.btn--icon {
  padding: 0.5rem;
  border-radius: 8px;
  width: 34px;
  height: 34px;
  display: flex;
  align-items: center;
  justify-content: center;
}

:root {
  --accent: #FF6B35;
  --accent-light: #FFF1EB;
  --blue: #3B82F6;
  --blue-light: #EFF6FF;
  --green: #22C55E;
  --green-light: #F0FDF4;
  --amber: #F59E0B;
  --amber-light: #FFFBEB;
  --red: #EF4444;
  --red-light: #FEF2F2;
  --purple: #8B5CF6;
  --purple-light: #F5F3FF;
  --bg: #F8FAFC;
  --surface: #FFFFFF;
  --surface2: #F1F5F9;
  --border: #E2E8F0;
  --text: #0F172A;
  --text2: #475569;
  --text3: #94A3B8;
  --shadow-sm: 0 1px 3px rgba(0,0,0,.08);
  --shadow-md: 0 4px 16px rgba(0,0,0,.12);
  --radius: 12px;
  --sidebar-w: 260px;
  --topbar-h: 64px;
  --transition: all 0.2s ease;
}

.table-wrap {
  background: var(--surface);
  border-radius: var(--radius);
  box-shadow: var(--shadow-sm);
  padding: 1.5rem;
  border: 1px solid var(--border);
  padding: 0;
  overflow: hidden;
}

.data-table {
  width: 100%;
  border-collapse: collapse;
}
.data-table thead {
  background: var(--surface2);
}
.data-table thead th {
  padding: 0.875rem 1rem;
  font-size: 11px;
  font-weight: 700;
  text-transform: uppercase;
  letter-spacing: 0.06em;
  color: var(--text2);
  text-align: left;
  white-space: nowrap;
  border-bottom: 1px solid var(--border);
}
.data-table tbody tr {
  border-bottom: 1px solid var(--border);
  transition: var(--transition);
}
.data-table tbody tr:last-child {
  border-bottom: none;
}
.data-table tbody tr:hover {
  background: var(--surface2);
}
.data-table tbody td {
  padding: 0.875rem 1rem;
  font-size: 0.875rem;
  color: var(--text);
  vertical-align: middle;
}
.data-table .td-actions {
  display: flex;
  gap: 6px;
  align-items: center;
}
.data-table .td-user {
  display: flex;
  align-items: center;
  gap: 10px;
}
.data-table .td-user .avatar {
  width: 34px;
  height: 34px;
  border-radius: 9px;
  background: var(--accent-light);
  color: var(--accent);
  font-weight: 700;
  font-size: 0.8125rem;
  display: flex;
  align-items: center;
  justify-content: center;
  flex-shrink: 0;
}
.data-table .td-user .user-name {
  font-weight: 600;
  font-size: 0.875rem;
}
.data-table .td-user .user-email {
  font-size: 12px;
  color: var(--text3);
}
.data-table .td-amount {
  font-weight: 700;
  font-variant-numeric: tabular-nums;
}
.data-table .td-muted {
  color: var(--text3);
  font-size: 12px;
}

.empty-state {
  text-align: center;
  padding: 3rem 1.5rem;
  color: var(--text3);
}
.empty-state .empty-icon {
  font-size: 2.5rem;
  margin-bottom: 0.75rem;
}
.empty-state .empty-text {
  font-size: 0.9375rem;
  font-weight: 500;
}
.empty-state .empty-sub {
  font-size: 0.8125rem;
  margin-top: 0.25rem;
}

:root {
  --accent: #FF6B35;
  --accent-light: #FFF1EB;
  --blue: #3B82F6;
  --blue-light: #EFF6FF;
  --green: #22C55E;
  --green-light: #F0FDF4;
  --amber: #F59E0B;
  --amber-light: #FFFBEB;
  --red: #EF4444;
  --red-light: #FEF2F2;
  --purple: #8B5CF6;
  --purple-light: #F5F3FF;
  --bg: #F8FAFC;
  --surface: #FFFFFF;
  --surface2: #F1F5F9;
  --border: #E2E8F0;
  --text: #0F172A;
  --text2: #475569;
  --text3: #94A3B8;
  --shadow-sm: 0 1px 3px rgba(0,0,0,.08);
  --shadow-md: 0 4px 16px rgba(0,0,0,.12);
  --radius: 12px;
  --sidebar-w: 260px;
  --topbar-h: 64px;
  --transition: all 0.2s ease;
}

.badge {
  background: var(--surface2);
  color: var(--text2);
  padding: 3px 10px;
  border-radius: 999px;
  font-size: 12px;
  font-weight: 600;
  display: inline-block;
  white-space: nowrap;
  border: 1px solid var(--border);
}
.badge--green {
  background: var(--green-light);
  color: #15803d;
  padding: 3px 10px;
  border-radius: 999px;
  font-size: 12px;
  font-weight: 600;
  display: inline-block;
  white-space: nowrap;
}
.badge--blue {
  background: var(--blue-light);
  color: #1d4ed8;
  padding: 3px 10px;
  border-radius: 999px;
  font-size: 12px;
  font-weight: 600;
  display: inline-block;
  white-space: nowrap;
}
.badge--amber {
  background: var(--amber-light);
  color: #b45309;
  padding: 3px 10px;
  border-radius: 999px;
  font-size: 12px;
  font-weight: 600;
  display: inline-block;
  white-space: nowrap;
}
.badge--red {
  background: var(--red-light);
  color: #dc2626;
  padding: 3px 10px;
  border-radius: 999px;
  font-size: 12px;
  font-weight: 600;
  display: inline-block;
  white-space: nowrap;
}
.badge--purple {
  background: var(--purple-light);
  color: #6d28d9;
  padding: 3px 10px;
  border-radius: 999px;
  font-size: 12px;
  font-weight: 600;
  display: inline-block;
  white-space: nowrap;
}
.badge--orange {
  background: #FFF7ED;
  color: #c2410c;
  padding: 3px 10px;
  border-radius: 999px;
  font-size: 12px;
  font-weight: 600;
  display: inline-block;
  white-space: nowrap;
}
.badge--gray {
  background: var(--surface2);
  color: var(--text2);
  padding: 3px 10px;
  border-radius: 999px;
  font-size: 12px;
  font-weight: 600;
  display: inline-block;
  white-space: nowrap;
}
.badge--pending {
  background: var(--amber-light);
  color: #b45309;
  padding: 3px 10px;
  border-radius: 999px;
  font-size: 12px;
  font-weight: 600;
  display: inline-block;
  white-space: nowrap;
}
.badge--confirmed {
  background: var(--blue-light);
  color: #1d4ed8;
  padding: 3px 10px;
  border-radius: 999px;
  font-size: 12px;
  font-weight: 600;
  display: inline-block;
  white-space: nowrap;
}
.badge--delivered {
  background: var(--green-light);
  color: #15803d;
  padding: 3px 10px;
  border-radius: 999px;
  font-size: 12px;
  font-weight: 600;
  display: inline-block;
  white-space: nowrap;
}
.badge--out_for_delivery {
  background: #FFF7ED;
  color: #c2410c;
  padding: 3px 10px;
  border-radius: 999px;
  font-size: 12px;
  font-weight: 600;
  display: inline-block;
  white-space: nowrap;
}
.badge--returned {
  background: var(--red-light);
  color: #dc2626;
  padding: 3px 10px;
  border-radius: 999px;
  font-size: 12px;
  font-weight: 600;
  display: inline-block;
  white-space: nowrap;
}
.badge--cancelled {
  background: var(--surface2);
  color: var(--text3);
  padding: 3px 10px;
  border-radius: 999px;
  font-size: 12px;
  font-weight: 600;
  display: inline-block;
  white-space: nowrap;
}
.badge--in_progress {
  background: #FFF7ED;
  color: #c2410c;
  padding: 3px 10px;
  border-radius: 999px;
  font-size: 12px;
  font-weight: 600;
  display: inline-block;
  white-space: nowrap;
}
.badge--failed {
  background: var(--red-light);
  color: #dc2626;
  padding: 3px 10px;
  border-radius: 999px;
  font-size: 12px;
  font-weight: 600;
  display: inline-block;
  white-space: nowrap;
}
.badge--active {
  background: var(--green-light);
  color: #15803d;
  padding: 3px 10px;
  border-radius: 999px;
  font-size: 12px;
  font-weight: 600;
  display: inline-block;
  white-space: nowrap;
}
.badge--suspended {
  background: var(--red-light);
  color: #dc2626;
  padding: 3px 10px;
  border-radius: 999px;
  font-size: 12px;
  font-weight: 600;
  display: inline-block;
  white-space: nowrap;
}
.badge--admin {
  background: var(--purple-light);
  color: #6d28d9;
  padding: 3px 10px;
  border-radius: 999px;
  font-size: 12px;
  font-weight: 600;
  display: inline-block;
  white-space: nowrap;
}
.badge--customer {
  background: var(--blue-light);
  color: #1d4ed8;
  padding: 3px 10px;
  border-radius: 999px;
  font-size: 12px;
  font-weight: 600;
  display: inline-block;
  white-space: nowrap;
}
.badge--rider {
  background: #FFF7ED;
  color: #c2410c;
  padding: 3px 10px;
  border-radius: 999px;
  font-size: 12px;
  font-weight: 600;
  display: inline-block;
  white-space: nowrap;
}
.badge--available {
  background: var(--green-light);
  color: #15803d;
  padding: 3px 10px;
  border-radius: 999px;
  font-size: 12px;
  font-weight: 600;
  display: inline-block;
  white-space: nowrap;
}
.badge--on_delivery {
  background: #FFF7ED;
  color: #c2410c;
  padding: 3px 10px;
  border-radius: 999px;
  font-size: 12px;
  font-weight: 600;
  display: inline-block;
  white-space: nowrap;
}
.badge--off_duty {
  background: var(--surface2);
  color: var(--text2);
  padding: 3px 10px;
  border-radius: 999px;
  font-size: 12px;
  font-weight: 600;
  display: inline-block;
  white-space: nowrap;
}

:root {
  --accent: #FF6B35;
  --accent-light: #FFF1EB;
  --blue: #3B82F6;
  --blue-light: #EFF6FF;
  --green: #22C55E;
  --green-light: #F0FDF4;
  --amber: #F59E0B;
  --amber-light: #FFFBEB;
  --red: #EF4444;
  --red-light: #FEF2F2;
  --purple: #8B5CF6;
  --purple-light: #F5F3FF;
  --bg: #F8FAFC;
  --surface: #FFFFFF;
  --surface2: #F1F5F9;
  --border: #E2E8F0;
  --text: #0F172A;
  --text2: #475569;
  --text3: #94A3B8;
  --shadow-sm: 0 1px 3px rgba(0,0,0,.08);
  --shadow-md: 0 4px 16px rgba(0,0,0,.12);
  --radius: 12px;
  --sidebar-w: 260px;
  --topbar-h: 64px;
  --transition: all 0.2s ease;
}

.modal-backdrop {
  position: fixed;
  inset: 0;
  background: rgba(15, 23, 42, 0.55);
  backdrop-filter: blur(4px);
  z-index: 500;
  display: flex;
  align-items: center;
  justify-content: center;
  padding: 1rem;
}

.modal {
  background: var(--surface);
  border-radius: var(--radius);
  box-shadow: 0 20px 60px rgba(0, 0, 0, 0.25);
  width: 100%;
  max-height: 90vh;
  overflow-y: auto;
  animation: modalIn 0.2s ease;
}
.modal--sm {
  max-width: 420px;
}
.modal--md {
  max-width: 580px;
}
.modal--lg {
  max-width: 760px;
}
.modal--xl {
  max-width: 960px;
}
.modal__header {
  display: flex;
  align-items: center;
  justify-content: space-between;
  padding: 1.25rem 1.5rem;
  border-bottom: 1px solid var(--border);
  position: sticky;
  top: 0;
  background: var(--surface);
  z-index: 1;
}
.modal__header h2 {
  font-size: 1rem;
  font-weight: 700;
}
.modal__header .close-btn {
  width: 30px;
  height: 30px;
  border-radius: 8px;
  display: flex;
  align-items: center;
  justify-content: center;
  border: none;
  background: var(--surface2);
  color: var(--text2);
  cursor: pointer;
  transition: var(--transition);
  font-size: 1.125rem;
}
.modal__header .close-btn:hover {
  background: var(--border);
  color: var(--text);
}
.modal__body {
  padding: 1.5rem;
}
.modal__footer {
  display: flex;
  align-items: center;
  justify-content: space-between;
  padding: 1.25rem 1.5rem;
  border-top: 1px solid var(--border);
  gap: 0.75rem;
  justify-content: flex-end;
}

@keyframes modalIn {
  from {
    transform: scale(0.95) translateY(-12px);
    opacity: 0;
  }
  to {
    transform: scale(1) translateY(0);
    opacity: 1;
  }
}
.confirm-modal .confirm-icon {
  width: 52px;
  height: 52px;
  border-radius: 50%;
  background: var(--red-light);
  color: var(--red);
  display: flex;
  align-items: center;
  justify-content: center;
  font-size: 1.5rem;
  margin: 0 auto 1rem;
}
.confirm-modal p {
  text-align: center;
  color: var(--text2);
}
.confirm-modal h3 {
  text-align: center;
  margin-bottom: 0.5rem;
}

:root {
  --accent: #FF6B35;
  --accent-light: #FFF1EB;
  --blue: #3B82F6;
  --blue-light: #EFF6FF;
  --green: #22C55E;
  --green-light: #F0FDF4;
  --amber: #F59E0B;
  --amber-light: #FFFBEB;
  --red: #EF4444;
  --red-light: #FEF2F2;
  --purple: #8B5CF6;
  --purple-light: #F5F3FF;
  --bg: #F8FAFC;
  --surface: #FFFFFF;
  --surface2: #F1F5F9;
  --border: #E2E8F0;
  --text: #0F172A;
  --text2: #475569;
  --text3: #94A3B8;
  --shadow-sm: 0 1px 3px rgba(0,0,0,.08);
  --shadow-md: 0 4px 16px rgba(0,0,0,.12);
  --radius: 12px;
  --sidebar-w: 260px;
  --topbar-h: 64px;
  --transition: all 0.2s ease;
}

.form-group {
  margin-bottom: 1.125rem;
}
.form-group label {
  display: block;
  font-size: 0.8125rem;
  font-weight: 600;
  color: var(--text2);
  margin-bottom: 0.375rem;
}
.form-group input[type=text],
.form-group input[type=email],
.form-group input[type=password],
.form-group input[type=number],
.form-group input[type=tel],
.form-group input[type=date],
.form-group textarea,
.form-group select {
  width: 100%;
  padding: 0.55rem 0.875rem;
  border: 1px solid var(--border);
  border-radius: 8px;
  font-size: 0.875rem;
  color: var(--text);
  background: var(--surface);
  transition: var(--transition);
  outline: none;
  font-family: inherit;
}
.form-group input[type=text]:focus,
.form-group input[type=email]:focus,
.form-group input[type=password]:focus,
.form-group input[type=number]:focus,
.form-group input[type=tel]:focus,
.form-group input[type=date]:focus,
.form-group textarea:focus,
.form-group select:focus {
  border-color: var(--accent);
  box-shadow: 0 0 0 3px rgba(255, 107, 53, 0.15);
}
.form-group input[type=text]::placeholder,
.form-group input[type=email]::placeholder,
.form-group input[type=password]::placeholder,
.form-group input[type=number]::placeholder,
.form-group input[type=tel]::placeholder,
.form-group input[type=date]::placeholder,
.form-group textarea::placeholder,
.form-group select::placeholder {
  color: var(--text3);
}
.form-group textarea {
  resize: vertical;
  min-height: 90px;
}
.form-group .field-error {
  font-size: 12px;
  color: var(--red);
  margin-top: 4px;
}
.form-group .field-hint {
  font-size: 12px;
  color: var(--text3);
  margin-top: 4px;
}
.form-group.has-error input, .form-group.has-error select, .form-group.has-error textarea {
  border-color: var(--red);
}
.form-group.has-error input:focus, .form-group.has-error select:focus, .form-group.has-error textarea:focus {
  box-shadow: 0 0 0 3px rgba(239, 68, 68, 0.15);
}

.form-grid {
  display: grid;
  grid-template-columns: repeat(2, 1fr);
  gap: 1rem;
}
@media (max-width: 640px) {
  .form-grid {
    grid-template-columns: 1fr;
  }
}

.form-row {
  display: flex;
  gap: 1rem;
  align-items: flex-end;
}
.form-row .form-group {
  flex: 1;
}

.toggle-switch {
  display: flex;
  align-items: center;
  justify-content: space-between;
  padding: 0.875rem 0;
  border-bottom: 1px solid var(--border);
}
.toggle-switch:last-child {
  border-bottom: none;
}
.toggle-switch .toggle-info .label {
  font-weight: 600;
  font-size: 0.875rem;
}
.toggle-switch .toggle-info .desc {
  font-size: 12px;
  color: var(--text3);
  margin-top: 2px;
}
.toggle-switch .switch {
  position: relative;
  width: 44px;
  height: 24px;
}
.toggle-switch .switch input {
  display: none;
}
.toggle-switch .switch .slider {
  position: absolute;
  inset: 0;
  background: var(--border);
  border-radius: 999px;
  cursor: pointer;
  transition: var(--transition);
}
.toggle-switch .switch .slider::before {
  content: "";
  position: absolute;
  width: 18px;
  height: 18px;
  background: #fff;
  border-radius: 50%;
  top: 3px;
  left: 3px;
  transition: var(--transition);
  box-shadow: var(--shadow-sm);
}
.toggle-switch .switch input:checked + .slider {
  background: var(--accent);
}
.toggle-switch .switch input:checked + .slider::before {
  transform: translateX(20px);
}

.date-range {
  display: flex;
  gap: 8px;
  align-items: center;
}
.date-range input[type=date] {
  width: 100%;
  padding: 0.55rem 0.875rem;
  border: 1px solid var(--border);
  border-radius: 8px;
  font-size: 0.875rem;
  color: var(--text);
  background: var(--surface);
  transition: var(--transition);
  outline: none;
  font-family: inherit;
}
.date-range input[type=date]:focus {
  border-color: var(--accent);
  box-shadow: 0 0 0 3px rgba(255, 107, 53, 0.15);
}
.date-range input[type=date]::placeholder {
  color: var(--text3);
}
.date-range input[type=date] {
  width: auto;
  cursor: pointer;
}
.date-range .separator {
  color: var(--text3);
  font-size: 0.875rem;
  flex-shrink: 0;
}

:root {
  --accent: #FF6B35;
  --accent-light: #FFF1EB;
  --blue: #3B82F6;
  --blue-light: #EFF6FF;
  --green: #22C55E;
  --green-light: #F0FDF4;
  --amber: #F59E0B;
  --amber-light: #FFFBEB;
  --red: #EF4444;
  --red-light: #FEF2F2;
  --purple: #8B5CF6;
  --purple-light: #F5F3FF;
  --bg: #F8FAFC;
  --surface: #FFFFFF;
  --surface2: #F1F5F9;
  --border: #E2E8F0;
  --text: #0F172A;
  --text2: #475569;
  --text3: #94A3B8;
  --shadow-sm: 0 1px 3px rgba(0,0,0,.08);
  --shadow-md: 0 4px 16px rgba(0,0,0,.12);
  --radius: 12px;
  --sidebar-w: 260px;
  --topbar-h: 64px;
  --transition: all 0.2s ease;
}

.product-card {
  background: var(--surface);
  border-radius: var(--radius);
  box-shadow: var(--shadow-sm);
  padding: 1.5rem;
  border: 1px solid var(--border);
  cursor: pointer;
  transition: var(--transition);
}
.product-card:hover {
  transform: translateY(-3px);
  box-shadow: var(--shadow-md);
}
.product-card__img {
  width: 100%;
  height: 160px;
  object-fit: cover;
  border-radius: 8px;
  margin-bottom: 1rem;
  background: var(--surface2);
  display: flex;
  align-items: center;
  justify-content: center;
  color: var(--text3);
  font-size: 2.5rem;
}
.product-card__name {
  font-weight: 600;
  margin-bottom: 4px;
}
.product-card__sku {
  font-size: 12px;
  color: var(--text3);
  margin-bottom: 0.75rem;
}
.product-card__footer {
  display: flex;
  align-items: center;
  justify-content: space-between;
  margin-top: 0.875rem;
  padding-top: 0.875rem;
  border-top: 1px solid var(--border);
}
.product-card__price {
  font-weight: 700;
  font-size: 1.0625rem;
  color: var(--accent);
}
.product-card__stock {
  font-size: 12px;
  color: var(--text3);
}
.product-card__actions {
  display: flex;
  gap: 6px;
}

.cart-sidebar {
  position: fixed;
  top: 0;
  right: 0;
  height: 100vh;
  width: 360px;
  background: var(--surface);
  box-shadow: -4px 0 24px rgba(0, 0, 0, 0.12);
  z-index: 400;
  display: flex;
  flex-direction: column;
  transform: translateX(100%);
  transition: transform 0.3s ease;
}
.cart-sidebar.open {
  transform: translateX(0);
}
.cart-sidebar__header {
  display: flex;
  align-items: center;
  justify-content: space-between;
  padding: 1.25rem 1.5rem;
  border-bottom: 1px solid var(--border);
}
.cart-sidebar__header h3 {
  font-weight: 700;
}
.cart-sidebar__body {
  flex: 1;
  overflow-y: auto;
  padding: 1rem 1.5rem;
}
.cart-sidebar__footer {
  padding: 1.25rem 1.5rem;
  border-top: 1px solid var(--border);
}
.cart-sidebar__footer .total {
  display: flex;
  align-items: center;
  justify-content: space-between;
  font-weight: 700;
  font-size: 1rem;
  margin-bottom: 1rem;
}
.cart-sidebar .cart-item {
  display: flex;
  align-items: center;
  justify-content: space-between;
  padding: 0.875rem 0;
  border-bottom: 1px solid var(--border);
  gap: 0.75rem;
}
.cart-sidebar .cart-item__info {
  flex: 1;
}
.cart-sidebar .cart-item__name {
  font-weight: 600;
  font-size: 0.875rem;
}
.cart-sidebar .cart-item__price {
  font-size: 12px;
  color: var(--text3);
}
.cart-sidebar .cart-item__qty {
  display: flex;
  align-items: center;
  gap: 6px;
}
.cart-sidebar .cart-item__qty button {
  width: 26px;
  height: 26px;
  border-radius: 6px;
  border: 1px solid var(--border);
  background: var(--surface);
  display: flex;
  align-items: center;
  justify-content: center;
  cursor: pointer;
}
.cart-sidebar .cart-item__qty button:hover {
  background: var(--surface2);
}
.cart-sidebar .cart-item__qty span {
  font-weight: 600;
  min-width: 24px;
  text-align: center;
}
.cart-sidebar .cart-item__remove {
  color: var(--text3);
  cursor: pointer;
}
.cart-sidebar .cart-item__remove:hover {
  color: var(--red);
}

.alert-card {
  background: var(--surface);
  border-radius: var(--radius);
  box-shadow: var(--shadow-sm);
  padding: 1.5rem;
  border: 1px solid var(--border);
  border-left: 4px solid var(--amber);
}
.alert-card__header {
  display: flex;
  align-items: center;
  justify-content: space-between;
  margin-bottom: 1rem;
}
.alert-card__header h4 {
  font-weight: 700;
  font-size: 0.9375rem;
}
.alert-card .alert-item {
  display: flex;
  align-items: center;
  justify-content: space-between;
  padding: 0.65rem 0;
  border-bottom: 1px solid var(--border);
  font-size: 0.875rem;
}
.alert-card .alert-item:last-child {
  border-bottom: none;
}
.alert-card .alert-item .name {
  font-weight: 500;
}
.alert-card .alert-item .stock {
  color: var(--red);
  font-weight: 600;
}

:root {
  --accent: #FF6B35;
  --accent-light: #FFF1EB;
  --blue: #3B82F6;
  --blue-light: #EFF6FF;
  --green: #22C55E;
  --green-light: #F0FDF4;
  --amber: #F59E0B;
  --amber-light: #FFFBEB;
  --red: #EF4444;
  --red-light: #FEF2F2;
  --purple: #8B5CF6;
  --purple-light: #F5F3FF;
  --bg: #F8FAFC;
  --surface: #FFFFFF;
  --surface2: #F1F5F9;
  --border: #E2E8F0;
  --text: #0F172A;
  --text2: #475569;
  --text3: #94A3B8;
  --shadow-sm: 0 1px 3px rgba(0,0,0,.08);
  --shadow-md: 0 4px 16px rgba(0,0,0,.12);
  --radius: 12px;
  --sidebar-w: 260px;
  --topbar-h: 64px;
  --transition: all 0.2s ease;
}

.kanban-board {
  display: flex;
  gap: 1.25rem;
  align-items: flex-start;
  overflow-x: auto;
  padding-bottom: 1rem;
  min-height: calc(100vh - 280px);
}

.kanban-column {
  flex: 1;
  min-width: 300px;
  max-width: 380px;
  background: var(--surface2);
  border-radius: var(--radius);
  border: 1px solid var(--border);
  display: flex;
  flex-direction: column;
  max-height: calc(100vh - 280px);
}
.kanban-column__header {
  display: flex;
  align-items: center;
  justify-content: space-between;
  padding: 1rem 1.125rem;
  border-bottom: 1px solid var(--border);
  position: sticky;
  top: 0;
  background: var(--surface2);
  border-radius: var(--radius) var(--radius) 0 0;
}
.kanban-column__header .col-title {
  display: flex;
  align-items: center;
  gap: 8px;
  font-weight: 700;
  font-size: 0.875rem;
}
.kanban-column__header .col-count {
  background: var(--surface);
  border: 1px solid var(--border);
  padding: 1px 8px;
  border-radius: 999px;
  font-size: 11px;
  font-weight: 700;
  color: var(--text2);
}
.kanban-column__header .col-dot {
  width: 8px;
  height: 8px;
  border-radius: 50%;
}
.kanban-column__header .col-dot--pending {
  background: var(--amber);
}
.kanban-column__header .col-dot--in_progress {
  background: var(--blue);
}
.kanban-column__header .col-dot--delivered {
  background: var(--green);
}
.kanban-column__cards {
  flex: 1;
  overflow-y: auto;
  padding: 1rem;
  display: flex;
  flex-direction: column;
  gap: 10px;
}

.kanban-card {
  background: var(--surface);
  border-radius: 10px;
  border: 1px solid var(--border);
  padding: 1rem;
  box-shadow: var(--shadow-sm);
  transition: var(--transition);
}
.kanban-card:hover {
  box-shadow: var(--shadow-md);
  transform: translateY(-1px);
}
.kanban-card__id {
  font-size: 11px;
  font-weight: 700;
  color: var(--accent);
  margin-bottom: 6px;
}
.kanban-card__customer {
  font-weight: 600;
  font-size: 0.875rem;
  margin-bottom: 4px;
}
.kanban-card__address {
  font-size: 12px;
  color: var(--text3);
  margin-bottom: 8px;
  display: flex;
  align-items: flex-start;
  gap: 4px;
}
.kanban-card__address svg {
  flex-shrink: 0;
  margin-top: 2px;
}
.kanban-card__meta {
  display: flex;
  gap: 8px;
  margin-bottom: 10px;
  font-size: 12px;
  color: var(--text2);
}
.kanban-card__cod {
  background: var(--amber-light);
  color: #b45309;
  padding: 3px 8px;
  border-radius: 6px;
  font-weight: 700;
  font-size: 12px;
  margin-bottom: 10px;
}
.kanban-card__rider {
  margin-bottom: 10px;
}
.kanban-card__rider select {
  width: 100%;
  padding: 0.4rem 0.625rem;
  border-radius: 7px;
  border: 1px solid var(--border);
  font-size: 0.8125rem;
  color: var(--text);
  background: var(--surface);
  cursor: pointer;
}
.kanban-card__actions {
  display: flex;
  gap: 6px;
  flex-wrap: wrap;
}

:root {
  --accent: #FF6B35;
  --accent-light: #FFF1EB;
  --blue: #3B82F6;
  --blue-light: #EFF6FF;
  --green: #22C55E;
  --green-light: #F0FDF4;
  --amber: #F59E0B;
  --amber-light: #FFFBEB;
  --red: #EF4444;
  --red-light: #FEF2F2;
  --purple: #8B5CF6;
  --purple-light: #F5F3FF;
  --bg: #F8FAFC;
  --surface: #FFFFFF;
  --surface2: #F1F5F9;
  --border: #E2E8F0;
  --text: #0F172A;
  --text2: #475569;
  --text3: #94A3B8;
  --shadow-sm: 0 1px 3px rgba(0,0,0,.08);
  --shadow-md: 0 4px 16px rgba(0,0,0,.12);
  --radius: 12px;
  --sidebar-w: 260px;
  --topbar-h: 64px;
  --transition: all 0.2s ease;
}

.landing {
  font-family: "DM Sans", sans-serif;
  overflow-x: hidden;
}

.landing-nav {
  display: flex;
  align-items: center;
  justify-content: space-between;
  padding: 1rem 5%;
  background: rgba(255, 255, 255, 0.92);
  backdrop-filter: blur(12px);
  border-bottom: 1px solid var(--border);
  position: sticky;
  top: 0;
  z-index: 100;
}
.landing-nav__logo {
  font-size: 1.25rem;
  font-weight: 800;
  color: var(--text);
  letter-spacing: -0.03em;
}
.landing-nav__logo span {
  color: var(--accent);
}
.landing-nav__links {
  display: flex;
  gap: 2rem;
  align-items: center;
}
.landing-nav__links a {
  font-size: 0.875rem;
  font-weight: 500;
  color: var(--text2);
  transition: var(--transition);
}
.landing-nav__links a:hover {
  color: var(--text);
}
.landing-nav__ctas {
  display: flex;
  gap: 0.75rem;
  align-items: center;
}
.landing-nav__ctas .btn-ghost {
  background: transparent;
  color: var(--text);
  border: none;
  border-radius: 8px;
  padding: 0.5rem 1.25rem;
  font-size: 0.875rem;
  font-weight: 600;
  cursor: pointer;
  transition: var(--transition);
  display: inline-flex;
  align-items: center;
  gap: 6px;
}
.landing-nav__ctas .btn-ghost:hover {
  filter: brightness(1.1);
  transform: translateY(-1px);
}
.landing-nav__ctas .btn-ghost:active {
  transform: translateY(0);
}
.landing-nav__ctas .btn-ghost {
  border: 1px solid var(--border);
}
.landing-nav__ctas .btn-ghost:hover {
  background: var(--surface2);
  transform: none;
}
.landing-nav__ctas .btn-primary {
  background: var(--accent);
  color: #fff;
  border: none;
  border-radius: 8px;
  padding: 0.5rem 1.25rem;
  font-size: 0.875rem;
  font-weight: 600;
  cursor: pointer;
  transition: var(--transition);
  display: inline-flex;
  align-items: center;
  gap: 6px;
}
.landing-nav__ctas .btn-primary:hover {
  filter: brightness(1.1);
  transform: translateY(-1px);
}
.landing-nav__ctas .btn-primary:active {
  transform: translateY(0);
}

.landing-hero {
  padding: 6rem 5% 5rem;
  text-align: center;
  background: linear-gradient(135deg, #fff 0%, #FFF1EB 50%, #EFF6FF 100%);
  position: relative;
  overflow: hidden;
}
.landing-hero::before {
  content: "";
  position: absolute;
  width: 600px;
  height: 600px;
  border-radius: 50%;
  background: radial-gradient(circle, rgba(255, 107, 53, 0.08) 0%, transparent 70%);
  top: -200px;
  right: -200px;
}
.landing-hero h1 {
  font-size: clamp(2.25rem, 5vw, 3.5rem);
  font-weight: 800;
  color: var(--text);
  letter-spacing: -0.04em;
  line-height: 1.15;
  margin-bottom: 1.25rem;
  max-width: 700px;
  margin-inline: auto;
}
.landing-hero h1 span {
  color: var(--accent);
}
.landing-hero p {
  font-size: 1.125rem;
  color: var(--text2);
  max-width: 540px;
  margin: 0 auto 2.5rem;
  line-height: 1.65;
}
.landing-hero__ctas {
  display: flex;
  gap: 1rem;
  justify-content: center;
  flex-wrap: wrap;
}
.landing-hero__ctas .btn-primary {
  background: var(--accent);
  color: #fff;
  border: none;
  border-radius: 8px;
  padding: 0.5rem 1.25rem;
  font-size: 0.875rem;
  font-weight: 600;
  cursor: pointer;
  transition: var(--transition);
  display: inline-flex;
  align-items: center;
  gap: 6px;
}
.landing-hero__ctas .btn-primary:hover {
  filter: brightness(1.1);
  transform: translateY(-1px);
}
.landing-hero__ctas .btn-primary:active {
  transform: translateY(0);
}
.landing-hero__ctas .btn-primary {
  font-size: 1rem;
  padding: 0.875rem 2rem;
}
.landing-hero__ctas .btn-secondary {
  background: transparent;
  color: var(--text);
  border: none;
  border-radius: 8px;
  padding: 0.5rem 1.25rem;
  font-size: 0.875rem;
  font-weight: 600;
  cursor: pointer;
  transition: var(--transition);
  display: inline-flex;
  align-items: center;
  gap: 6px;
}
.landing-hero__ctas .btn-secondary:hover {
  filter: brightness(1.1);
  transform: translateY(-1px);
}
.landing-hero__ctas .btn-secondary:active {
  transform: translateY(0);
}
.landing-hero__ctas .btn-secondary {
  border: 2px solid var(--border);
  font-size: 1rem;
  padding: 0.875rem 2rem;
  filter: none;
}
.landing-hero__ctas .btn-secondary:hover {
  background: var(--surface);
  transform: none;
}
.landing-hero__stats {
  display: flex;
  gap: 2rem;
  justify-content: center;
  margin-top: 3.5rem;
  flex-wrap: wrap;
}
.landing-hero__stats .stat {
  text-align: center;
}
.landing-hero__stats .stat .val {
  font-size: 2rem;
  font-weight: 800;
  color: var(--text);
}
.landing-hero__stats .stat .lbl {
  font-size: 0.8125rem;
  color: var(--text3);
}

.landing-features {
  padding: 5rem 5%;
  text-align: center;
}
.landing-features .section-header {
  margin-bottom: 3rem;
}
.landing-features .section-header h2 {
  font-size: 2rem;
  font-weight: 800;
  letter-spacing: -0.03em;
  margin-bottom: 0.75rem;
}
.landing-features .section-header p {
  color: var(--text2);
  font-size: 1rem;
}
.landing-features .features-grid {
  display: grid;
  grid-template-columns: repeat(3, 1fr);
  gap: 1.5rem;
}
@media (max-width: 900px) {
  .landing-features .features-grid {
    grid-template-columns: repeat(2, 1fr);
  }
}
@media (max-width: 600px) {
  .landing-features .features-grid {
    grid-template-columns: 1fr;
  }
}
.landing-features .feature-card {
  background: var(--surface);
  border-radius: var(--radius);
  box-shadow: var(--shadow-sm);
  padding: 1.5rem;
  border: 1px solid var(--border);
  text-align: left;
  transition: var(--transition);
}
.landing-features .feature-card:hover {
  transform: translateY(-4px);
  box-shadow: var(--shadow-md);
}
.landing-features .feature-card .feature-icon {
  width: 48px;
  height: 48px;
  border-radius: 12px;
  background: var(--accent-light);
  display: flex;
  align-items: center;
  justify-content: center;
  font-size: 1.5rem;
  margin-bottom: 1rem;
}
.landing-features .feature-card h3 {
  font-size: 1rem;
  font-weight: 700;
  margin-bottom: 0.5rem;
}
.landing-features .feature-card p {
  font-size: 0.875rem;
  color: var(--text2);
  line-height: 1.6;
}

.landing-footer {
  background: var(--text);
  color: rgba(255, 255, 255, 0.6);
  padding: 2.5rem 5%;
  display: flex;
  align-items: center;
  justify-content: space-between;
  flex-wrap: wrap;
  gap: 1rem;
}
.landing-footer .logo {
  font-weight: 800;
  color: #fff;
  font-size: 1.125rem;
}
.landing-footer .logo span {
  color: var(--accent);
}
.landing-footer .copy {
  font-size: 0.8125rem;
}

:root {
  --accent: #FF6B35;
  --accent-light: #FFF1EB;
  --blue: #3B82F6;
  --blue-light: #EFF6FF;
  --green: #22C55E;
  --green-light: #F0FDF4;
  --amber: #F59E0B;
  --amber-light: #FFFBEB;
  --red: #EF4444;
  --red-light: #FEF2F2;
  --purple: #8B5CF6;
  --purple-light: #F5F3FF;
  --bg: #F8FAFC;
  --surface: #FFFFFF;
  --surface2: #F1F5F9;
  --border: #E2E8F0;
  --text: #0F172A;
  --text2: #475569;
  --text3: #94A3B8;
  --shadow-sm: 0 1px 3px rgba(0,0,0,.08);
  --shadow-md: 0 4px 16px rgba(0,0,0,.12);
  --radius: 12px;
  --sidebar-w: 260px;
  --topbar-h: 64px;
  --transition: all 0.2s ease;
}

.auth-page {
  min-height: 100vh;
  display: flex;
}
.auth-page__left {
  flex: 1;
  display: flex;
  align-items: center;
  justify-content: center;
  padding: 2rem;
  background: var(--surface);
}
.auth-page__left .auth-box {
  width: 100%;
  max-width: 420px;
}
.auth-page__left .auth-logo {
  font-size: 1.5rem;
  font-weight: 800;
  color: var(--text);
  margin-bottom: 0.5rem;
  letter-spacing: -0.03em;
}
.auth-page__left .auth-logo span {
  color: var(--accent);
}
.auth-page__left .auth-headline {
  font-size: 1.5rem;
  font-weight: 700;
  color: var(--text);
  margin-bottom: 0.375rem;
}
.auth-page__left .auth-sub {
  color: var(--text3);
  font-size: 0.875rem;
  margin-bottom: 2rem;
}
.auth-page__left .auth-error {
  background: var(--red-light);
  color: var(--red);
  border: 1px solid #fecaca;
  border-radius: 8px;
  padding: 0.75rem 1rem;
  font-size: 0.875rem;
  margin-bottom: 1rem;
}
.auth-page__left .auth-footer {
  text-align: center;
  margin-top: 1.5rem;
  font-size: 0.875rem;
  color: var(--text2);
}
.auth-page__left .auth-footer a {
  color: var(--accent);
  font-weight: 600;
  cursor: pointer;
}
.auth-page__left .remember-row {
  display: flex;
  align-items: center;
  justify-content: space-between;
  margin: -0.25rem 0 1.25rem;
  font-size: 0.8125rem;
}
.auth-page__left .remember-row label {
  display: flex;
  align-items: center;
  gap: 6px;
  color: var(--text2);
  cursor: pointer;
}
.auth-page__left .remember-row a {
  color: var(--accent);
  font-weight: 600;
  cursor: pointer;
}
.auth-page__right {
  flex: 1;
  background: linear-gradient(135deg, var(--text) 0%, #1e293b 50%, #0f172a 100%);
  display: flex;
  align-items: center;
  justify-content: center;
  flex-direction: column;
  padding: 2rem;
  color: white;
}
@media (max-width: 768px) {
  .auth-page__right {
    display: none;
  }
}
.auth-page__right .illus-icon {
  font-size: 6rem;
  margin-bottom: 2rem;
  filter: drop-shadow(0 8px 32px rgba(255, 107, 53, 0.4));
}
.auth-page__right h2 {
  font-size: 1.875rem;
  font-weight: 800;
  margin-bottom: 0.75rem;
  letter-spacing: -0.03em;
}
.auth-page__right p {
  color: rgba(255, 255, 255, 0.6);
  text-align: center;
  max-width: 320px;
  line-height: 1.65;
}
.auth-page__right .feat-list {
  margin-top: 2rem;
  display: flex;
  flex-direction: column;
  gap: 0.75rem;
  width: 100%;
  max-width: 320px;
}
.auth-page__right .feat-list .feat-item {
  display: flex;
  align-items: center;
  gap: 10px;
  font-size: 0.875rem;
  color: rgba(255, 255, 255, 0.75);
}
.auth-page__right .feat-list .feat-item .check {
  width: 22px;
  height: 22px;
  border-radius: 50%;
  background: rgba(34, 197, 94, 0.2);
  border: 1px solid rgba(34, 197, 94, 0.4);
  display: flex;
  align-items: center;
  justify-content: center;
  font-size: 12px;
  color: var(--green);
  flex-shrink: 0;
}

:root {
  --accent: #FF6B35;
  --accent-light: #FFF1EB;
  --blue: #3B82F6;
  --blue-light: #EFF6FF;
  --green: #22C55E;
  --green-light: #F0FDF4;
  --amber: #F59E0B;
  --amber-light: #FFFBEB;
  --red: #EF4444;
  --red-light: #FEF2F2;
  --purple: #8B5CF6;
  --purple-light: #F5F3FF;
  --bg: #F8FAFC;
  --surface: #FFFFFF;
  --surface2: #F1F5F9;
  --border: #E2E8F0;
  --text: #0F172A;
  --text2: #475569;
  --text3: #94A3B8;
  --shadow-sm: 0 1px 3px rgba(0,0,0,.08);
  --shadow-md: 0 4px 16px rgba(0,0,0,.12);
  --radius: 12px;
  --sidebar-w: 260px;
  --topbar-h: 64px;
  --transition: all 0.2s ease;
}

.rider-app {
  min-height: 100vh;
  background: var(--bg);
  display: flex;
  flex-direction: column;
  align-items: center;
  padding: 1rem;
}
.rider-app .rider-container {
  width: 100%;
  max-width: 420px;
  display: flex;
  flex-direction: column;
  gap: 1rem;
}
.rider-app .rider-header {
  background: var(--surface);
  border-radius: var(--radius);
  box-shadow: var(--shadow-sm);
  padding: 1.5rem;
  border: 1px solid var(--border);
  display: flex;
  align-items: center;
  justify-content: space-between;
}
.rider-app .rider-header .rider-info {
  display: flex;
  align-items: center;
  gap: 12px;
}
.rider-app .rider-header .rider-info .avatar {
  width: 46px;
  height: 46px;
  border-radius: 12px;
  background: var(--accent-light);
  color: var(--accent);
  font-weight: 800;
  font-size: 1.125rem;
  display: flex;
  align-items: center;
  justify-content: center;
}
.rider-app .rider-header .rider-info .name {
  font-weight: 700;
  font-size: 0.9375rem;
}
.rider-app .rider-header .rider-info .orders {
  font-size: 12px;
  color: var(--text3);
  margin-top: 2px;
}
.rider-app .rider-header .online-toggle {
  display: flex;
  flex-direction: column;
  align-items: center;
  gap: 4px;
}
.rider-app .rider-header .online-toggle .toggle-label {
  font-size: 10px;
  font-weight: 700;
  text-transform: uppercase;
  color: var(--text3);
}
.rider-app .active-delivery {
  background: var(--surface);
  border-radius: var(--radius);
  box-shadow: var(--shadow-sm);
  padding: 1.5rem;
  border: 1px solid var(--border);
  border-top: 3px solid var(--accent);
}
.rider-app .active-delivery__label {
  font-size: 10px;
  font-weight: 700;
  text-transform: uppercase;
  letter-spacing: 0.08em;
  color: var(--accent);
  margin-bottom: 0.875rem;
}
.rider-app .active-delivery__order-id {
  font-size: 0.8125rem;
  font-weight: 700;
  color: var(--text2);
  margin-bottom: 0.5rem;
}
.rider-app .active-delivery__customer {
  font-size: 1.0625rem;
  font-weight: 700;
  margin-bottom: 0.5rem;
}
.rider-app .active-delivery__address {
  display: flex;
  align-items: flex-start;
  gap: 6px;
  color: var(--text2);
  font-size: 0.875rem;
  margin-bottom: 1rem;
  padding-bottom: 1rem;
  border-bottom: 1px solid var(--border);
}
.rider-app .active-delivery__items {
  font-size: 0.8125rem;
  color: var(--text2);
  margin-bottom: 0.75rem;
}
.rider-app .active-delivery__cod {
  background: var(--amber-light);
  color: #92400e;
  border-radius: 8px;
  padding: 0.75rem;
  display: flex;
  align-items: center;
  justify-content: space-between;
  margin-bottom: 1rem;
}
.rider-app .active-delivery__cod .lbl {
  font-size: 0.8125rem;
  font-weight: 600;
}
.rider-app .active-delivery__cod .val {
  font-size: 1.125rem;
  font-weight: 800;
}
.rider-app .active-delivery__actions {
  display: grid;
  grid-template-columns: 1fr 1fr;
  gap: 8px;
}
.rider-app .active-delivery__actions .btn-full {
  grid-column: 1/-1;
}
.rider-app .order-queue {
  background: var(--surface);
  border-radius: var(--radius);
  box-shadow: var(--shadow-sm);
  padding: 1.5rem;
  border: 1px solid var(--border);
}
.rider-app .order-queue__title {
  font-size: 0.9375rem;
  font-weight: 700;
  margin-bottom: 0.875rem;
}
.rider-app .order-queue .queue-item {
  display: flex;
  align-items: center;
  justify-content: space-between;
  padding: 0.75rem 0;
  border-bottom: 1px solid var(--border);
}
.rider-app .order-queue .queue-item:last-child {
  border-bottom: none;
}
.rider-app .order-queue .queue-item .order-id {
  font-size: 0.8125rem;
  font-weight: 700;
  color: var(--accent);
}
.rider-app .order-queue .queue-item .address {
  font-size: 12px;
  color: var(--text3);
}

body {
  font-family: "DM Sans", sans-serif;
  background: var(--bg);
  color: var(--text);
  margin: 0;
  -webkit-font-smoothing: antialiased;
}

.mt-auto {
  margin-top: auto;
}

.mb-1 {
  margin-bottom: 0.5rem;
}

.mb-2 {
  margin-bottom: 1rem;
}

.mb-3 {
  margin-bottom: 1.5rem;
}

.gap-1 {
  gap: 0.5rem;
}

.gap-2 {
  gap: 1rem;
}

.d-flex {
  display: flex;
}

.align-center {
  align-items: center;
}

.justify-between {
  justify-content: space-between;
}

.flex-wrap {
  flex-wrap: wrap;
}

.w-full {
  width: 100%;
}

.spinner {
  width: 36px;
  height: 36px;
  border: 3px solid var(--border);
  border-top-color: var(--accent);
  border-radius: 50%;
  animation: spin 0.7s linear infinite;
  margin: 0 auto;
}

@keyframes spin {
  to {
    transform: rotate(360deg);
  }
}
.loading-page {
  display: flex;
  align-items: center;
  justify-content: center;
  min-height: 100vh;
  flex-direction: column;
  gap: 1rem;
  color: var(--text2);
  font-size: 0.875rem;
}
